../Core/Src/main.c:132:6:HAL_TIM_PeriodElapsedCallback	16	static
../Core/Src/main.c:154:6:HAL_UART_RxCpltCallback	16	static
../Core/Src/main.c:171:6:process_command	176	static
../Core/Src/main.c:272:6:check_temperature	16	static
../Core/Src/main.c:290:6:Print_Temperature_To_Uart	8	static
../Core/Src/main.c:304:5:main	24	static
../Core/Src/main.c:425:6:SystemClock_Config	96	static
../Core/Src/main.c:473:13:MX_ADC_Init	24	static
../Core/Src/main.c:527:13:MX_I2C2_Init	8	static
../Core/Src/main.c:575:13:MX_SPI2_Init	8	static
../Core/Src/main.c:615:13:MX_TIM1_Init	32	static
../Core/Src/main.c:661:13:MX_TIM14_Init	8	static
../Core/Src/main.c:692:13:MX_USART1_UART_Init	8	static
../Core/Src/main.c:727:13:MX_GPIO_Init	56	static
../Core/Src/main.c:790:6:Error_Handler	8	static,ignoring_inline_asm
