../Core/Src/main.c:84:9:decToBcd	24	static
../Core/Src/main.c:89:5:bcdToDec	16	static
../Core/Src/main.c:108:6:Set_Time	48	static
../Core/Src/main.c:138:6:Get_Time	32	static
../Core/Src/main.c:159:5:main	24	static
../Core/Src/main.c:250:6:SystemClock_Config	96	static
../Core/Src/main.c:295:13:MX_ADC_Init	24	static
../Core/Src/main.c:357:13:MX_I2C2_Init	8	static
../Core/Src/main.c:405:13:MX_SPI2_Init	8	static
../Core/Src/main.c:445:13:MX_USART1_UART_Init	8	static
../Core/Src/main.c:480:13:MX_GPIO_Init	56	static
../Core/Src/main.c:538:6:Error_Handler	8	static,ignoring_inline_asm
